[master (root-commit) f2fba95] NiIdea web app deployed
 142 files changed, 11079 insertions(+)
 create mode 100644 .abacus.donotdelete
 create mode 100644 .gitignore
 create mode 100644 .project_instructions.md
 create mode 100644 nextjs_space/.env
 create mode 100644 nextjs_space/.yarnrc.yml
 create mode 100644 nextjs_space/STYLE_GUIDE.md
 create mode 100644 nextjs_space/app/admin/page.tsx
 create mode 100644 nextjs_space/app/api/admin/catalog/route.ts
 create mode 100644 nextjs_space/app/api/admin/experiences/[id]/toggle/route.ts
 create mode 100644 nextjs_space/app/api/admin/experiences/route.ts
 create mode 100644 nextjs_space/app/api/admin/login/route.ts
 create mode 100644 nextjs_space/app/api/admin/logout/route.ts
 create mode 100644 nextjs_space/app/api/admin/metrics/route.ts
 create mode 100644 nextjs_space/app/api/admin/orders/[id]/assign/route.ts
 create mode 100644 nextjs_space/app/api/admin/orders/[id]/confirm/route.ts
 create mode 100644 nextjs_space/app/api/admin/orders/route.ts
 create mode 100644 nextjs_space/app/api/admin/reviews/route.ts
 create mode 100644 nextjs_space/app/api/availability/route.ts
 create mode 100644 nextjs_space/app/api/checkout/route.ts
 create mode 100644 nextjs_space/app/api/cron/send-today/route.ts
 create mode 100644 nextjs_space/app/api/reviews/route.ts
 create mode 100644 nextjs_space/app/api/send-whatsapp/route.ts
 create mode 100644 nextjs_space/app/api/webhooks/stripe/route.ts
 create mode 100644 nextjs_space/app/aviso-legal/page.tsx
 create mode 100644 nextjs_space/app/buy/page.tsx
 create mode 100644 nextjs_space/app/confirmation/page.tsx
 create mode 100644 nextjs_space/app/devoluciones/page.tsx
 create mode 100644 nextjs_space/app/globals.css
 create mode 100644 nextjs_space/app/layout.tsx
 create mode 100644 nextjs_space/app/page.tsx
 create mode 100644 nextjs_space/app/privacidad/page.tsx
 create mode 100644 nextjs_space/components.json
 create mode 100644 nextjs_space/components/availability-calendar.tsx
 create mode 100644 nextjs_space/components/chunk-load-error-handler.tsx
 create mode 100644 nextjs_space/components/client-only.tsx
 create mode 100644 nextjs_space/components/cookie-banner.tsx
 create mode 100644 nextjs_space/components/faq.tsx
 create mode 100644 nextjs_space/components/layouts/app-shell.tsx
 create mode 100644 nextjs_space/components/layouts/auth-layout.tsx
 create mode 100644 nextjs_space/components/layouts/container.tsx
 create mode 100644 nextjs_space/components/layouts/page-header.tsx
 create mode 100644 nextjs_space/components/layouts/section.tsx
 create mode 100644 nextjs_space/components/legal/legal-shell.tsx
 create mode 100644 nextjs_space/components/plan-teaser-carousel.tsx
 create mode 100644 nextjs_space/components/review-form.tsx
 create mode 100644 nextjs_space/components/review-list.tsx
 create mode 100644 nextjs_space/components/safe-format.tsx
 create mode 100644 nextjs_space/components/theme-provider.tsx
 create mode 100644 nextjs_space/components/theme-toggle.tsx
 create mode 100644 nextjs_space/components/ui/accordion.tsx
 create mode 100644 nextjs_space/components/ui/alert-dialog.tsx
 create mode 100644 nextjs_space/components/ui/alert.tsx
 create mode 100644 nextjs_space/components/ui/animate.tsx
 create mode 100644 nextjs_space/components/ui/aspect-ratio.tsx
 create mode 100644 nextjs_space/components/ui/avatar.tsx
 create mode 100644 nextjs_space/components/ui/badge.tsx
 create mode 100644 nextjs_space/components/ui/breadcrumb.tsx
 create mode 100644 nextjs_space/components/ui/button.tsx
 create mode 100644 nextjs_space/components/ui/calendar.tsx
 create mode 100644 nextjs_space/components/ui/card.tsx
 create mode 100644 nextjs_space/components/ui/carousel.tsx
 create mode 100644 nextjs_space/components/ui/checkbox.tsx
 create mode 100644 nextjs_space/components/ui/collapsible.tsx
 create mode 100644 nextjs_space/components/ui/command.tsx
 create mode 100644 nextjs_space/components/ui/context-menu.tsx
 create mode 100644 nextjs_space/components/ui/date-range-picker.tsx
 create mode 100644 nextjs_space/components/ui/dialog.tsx
 create mode 100644 nextjs_space/components/ui/drawer.tsx
 create mode 100644 nextjs_space/components/ui/dropdown-menu.tsx
 create mode 100644 nextjs_space/components/ui/form.tsx
 create mode 100644 nextjs_space/components/ui/hover-card.tsx
 create mode 100644 nextjs_space/components/ui/input-otp.tsx
 create mode 100644 nextjs_space/components/ui/input.tsx
 create mode 100644 nextjs_space/components/ui/label.tsx
 create mode 100644 nextjs_space/components/ui/menubar.tsx
 create mode 100644 nextjs_space/components/ui/navigation-menu.tsx
 create mode 100644 nextjs_space/components/ui/pagination.tsx
 create mode 100644 nextjs_space/components/ui/popover.tsx
 create mode 100644 nextjs_space/components/ui/progress.tsx
 create mode 100644 nextjs_space/components/ui/radio-group.tsx
 create mode 100644 nextjs_space/components/ui/resizable.tsx
 create mode 100644 nextjs_space/components/ui/scroll-area.tsx
 create mode 100644 nextjs_space/components/ui/select.tsx
 create mode 100644 nextjs_space/components/ui/separator.tsx
 create mode 100644 nextjs_space/components/ui/sheet.tsx
 create mode 100644 nextjs_space/components/ui/skeleton.tsx
 create mode 100644 nextjs_space/components/ui/slider.tsx
 create mode 100644 nextjs_space/components/ui/sonner.tsx
 create mode 100644 nextjs_space/components/ui/switch.tsx
 create mode 100644 nextjs_space/components/ui/table.tsx
 create mode 100644 nextjs_space/components/ui/tabs.tsx
 create mode 100644 nextjs_space/components/ui/task-card.tsx
 create mode 100644 nextjs_space/components/ui/textarea.tsx
 create mode 100644 nextjs_space/components/ui/toast.tsx
 create mode 100644 nextjs_space/components/ui/toaster.tsx
 create mode 100644 nextjs_space/components/ui/toggle-group.tsx
 create mode 100644 nextjs_space/components/ui/toggle.tsx
 create mode 100644 nextjs_space/components/ui/tooltip.tsx
 create mode 100644 nextjs_space/components/ui/use-toast.ts
 create mode 100644 nextjs_space/components/whatsapp-button.tsx
 create mode 100644 nextjs_space/confetti.png
 create mode 100644 nextjs_space/eslint.config.mjs
 create mode 100644 nextjs_space/eslint.ssr.config.mjs
 create mode 100644 nextjs_space/favicon.svg
 create mode 100644 nextjs_space/globals.css
 create mode 100644 nextjs_space/hero-friends.png
 create mode 100644 nextjs_space/hooks/use-toast.ts
 create mode 100644 nextjs_space/instrumentation-client.js
 create mode 100644 nextjs_space/layout.tsx
 create mode 100644 nextjs_space/lib/admin-auth.ts
 create mode 100644 nextjs_space/lib/assign-experience.ts
 create mode 100644 nextjs_space/lib/availability.ts
 create mode 100644 nextjs_space/lib/db.ts
 create mode 100644 nextjs_space/lib/deliver.ts
 create mode 100644 nextjs_space/lib/messages.ts
 create mode 100644 nextjs_space/lib/notify.ts
 create mode 100644 nextjs_space/lib/prisma.ts
 create mode 100644 nextjs_space/lib/stripe.ts
 create mode 100644 nextjs_space/lib/twilio.ts
 create mode 100644 nextjs_space/lib/types.ts
 create mode 100644 nextjs_space/lib/utils.ts
 create mode 100644 nextjs_space/next-env.d.ts
 create mode 100644 nextjs_space/next.config.js
 create mode 100644 nextjs_space/og-image.png
 create mode 100644 nextjs_space/package.json
 create mode 100644 nextjs_space/page.tsx
 create mode 100644 nextjs_space/postcss.config.js
 create mode 100644 nextjs_space/prisma/schema.prisma
 create mode 100644 nextjs_space/public/confetti.png
 create mode 100644 nextjs_space/public/favicon.svg
 create mode 100644 nextjs_space/public/hero-friends.png
 create mode 100644 nextjs_space/public/og-image.png
 create mode 100644 nextjs_space/public/reference-design.jpg
 create mode 100644 nextjs_space/public/rooftop.png
 create mode 100644 nextjs_space/reference-design.jpg
 create mode 100644 nextjs_space/rooftop.png
 create mode 100644 nextjs_space/scripts/safe-seed.ts
 create mode 100644 nextjs_space/scripts/seed.ts
 create mode 100644 nextjs_space/tailwind.config.ts
 create mode 100644 nextjs_space/tsconfig.json
 create mode 100644 nextjs_space/types/next-auth.d.ts
 create mode 120000 nextjs_space/yarn.lock
###f2fba955d4a0cdef139c0c8cbee8d73764b3cc68###
