Regenerating stale Prisma client
➤ YN0000: · Yarn 4.13.0
➤ YN0000: ┌ Resolution step
➤ YN0085: │ + @stripe/stripe-js@npm:9.15.0, stripe@npm:22.6.1
➤ YN0000: └ Completed in 0s 297ms
➤ YN0000: ┌ Post-resolution validation
➤ YN0060: │ @types/react is listed by your project with version 19.2.18 (p6349eb), which doesn't satisfy what react-remove-scroll (via @radix-ui/react-dialog) and other dependencies request (but they have non-overlapping ranges!).
➤ YN0060: │ date-fns is listed by your project with version 4.0.0 (pf625bd), which doesn't satisfy what react-day-picker requests (^2.28.0 || ^3.0.0).
➤ YN0060: │ react is listed by your project with version 19.2.8 (p284e9d), which doesn't satisfy what cmdk and other dependencies request (but they have non-overlapping ranges!).
➤ YN0060: │ react-dom is listed by your project with version 19.2.8 (p710538), which doesn't satisfy what cmdk and other dependencies request (^18.2.0).
➤ YN0002: │ app@workspace:. doesn't provide prettier (pd88b5f), requested by eslint-plugin-prettier.
➤ YN0086: │ Some peer dependencies are incorrectly met by your project; run yarn explain peer-requirements <hash> for details, where <hash> is the six-letter p-prefixed code.
➤ YN0086: │ Some peer dependencies are incorrectly met by dependencies; run yarn explain peer-requirements for details.
➤ YN0000: └ Completed
➤ YN0000: ┌ Fetch step
➤ YN0013: │ 2 packages were added to the project (+ 16.88 MiB).
➤ YN0000: └ Completed in 1s 337ms
➤ YN0000: ┌ Link step
➤ YN0000: └ Completed in 0s 808ms
➤ YN0000: · Done with warnings in 2s 564ms
Environment variables loaded from .env
Prisma schema loaded from prisma/schema.prisma

✔ Generated Prisma Client (v6.7.0) to ./node_modules/.prisma/client in 47ms

Start by importing your Prisma Client (See: https://pris.ly/d/importing-client)

Tip: Easily identify and fix slow SQL queries in your app. Optimize helps you enhance your visibility: https://pris.ly/--optimize

Starting server...
▲ Next.js 16.3.3 (Turbopack)
- Local:         http://localhost:3000
- Network:       http://10.42.172.80:3000
- Environments: .env
✓ Ready in 290ms
✓ Running next.config.js took 17ms
Creating turbopack project { dir: '/home/ubuntu/niidea_webapp/nextjs_space', testMode: true }

