  % Total    % Received % Xferd  Average Speed   Time    Time     Time  Current
                                 Dload  Upload   Total   Spent    Left  Speed
  0     0    0     0    0     0      0      0 --:--:-- --:--:-- --:--:--     0*   Trying 127.0.0.1:3000...
* Connected to localhost (127.0.0.1) port 3000 (#0)
> GET / HTTP/1.1
> Host: localhost:3000
> User-Agent: curl/7.88.1
> Accept: */*
> 
  0     0    0     0    0     0      0      0 --:--:--  0:00:01 --:--:--     0  0     0    0     0    0     0      0      0 --:--:--  0:00:02 --:--:--     0  0     0    0     0    0     0      0      0 --:--:--  0:00:03 --:--:--     0  0     0    0     0    0     0      0      0 --:--:--  0:00:04 --:--:--     0  0     0    0     0    0     0      0      0 --:--:--  0:00:05 --:--:--     0  0     0    0     0    0     0      0      0 --:--:--  0:00:06 --:--:--     0  0     0    0     0    0     0      0      0 --:--:--  0:00:07 --:--:--     0  0     0    0     0    0     0      0      0 --:--:--  0:00:08 --:--:--     0  0     0    0     0    0     0      0      0 --:--:--  0:00:09 --:--:--     0  0     0    0     0    0     0      0      0 --:--:--  0:00:10 --:--:--     0< HTTP/1.1 200 OK
< Vary: rsc, next-router-state-tree, next-router-prefetch, next-router-segment-prefetch, Accept-Encoding
< Link: </_next/static/media/83afe278b6a6bb3c-s.p.2bn3s6zvc0dyp.woff2>; rel=preload; as="font"; crossorigin=""; type="font/woff2", </_next/static/media/8495c7a64396f454-s.p.3174gmb7yd72v.woff2>; rel=preload; as="font"; crossorigin=""; type="font/woff2", </_next/static/chunks/%5Broot-of-the-server%5D__1pkp-f7._.css>; rel=preload; as="style"
< Cache-Control: no-cache, must-revalidate
< Content-Type: text/html; charset=utf-8
< Date: Fri, 11 Sep 2026 07:33:23 GMT
< Connection: keep-alive
< Keep-Alive: timeout=5
< Transfer-Encoding: chunked
< 
  0     0    0     0    0     0      0      0 --:--:--  0:00:10 --:--:--     0{ [65536 bytes data]
100 87234    0 87234    0     0   8376      0 --:--:--  0:00:10 --:--:-- 27192
* Connection #0 to host localhost left intact
